fsl_clock.h:692:20:CLOCK_EnableClock	24	static
fsl_clock.h:703:20:CLOCK_DisableClock	24	static
fsl_clock.h:714:20:CLOCK_SetEr32kClock	16	static
fsl_clock.h:764:20:CLOCK_SetPllFllSelClock	16	static
fsl_clock.h:1190:20:OSC_SetExtRefClkConfig	24	static
fsl_clock.h:1216:20:OSC_SetCapLoad	24	static
fsl_clock.c:208:6:CLOCK_FllStableDelay	16	static
fsl_clock.c:228:17:CLOCK_GetMcgExtClkFreq	16	static
fsl_clock.c:255:17:CLOCK_GetFllExtRefClkFreq	16	static
fsl_clock.c:309:17:CLOCK_GetInternalRefClkSelectFreq	4	static
fsl_clock.c:323:17:CLOCK_GetFllRefClkFreq	8	static
fsl_clock.c:337:17:CLOCK_GetPll0RefFreq	8	static
fsl_clock.c:343:16:CLOCK_GetOscRangeFromFreq	24	static
fsl_clock.c:363:10:CLOCK_GetOsc0ErClkFreq	8	static
fsl_clock.c:377:10:CLOCK_GetEr32kClkFreq	16	static
fsl_clock.c:401:10:CLOCK_GetPllFllSelClkFreq	16	static
fsl_clock.c:424:10:CLOCK_GetPlatClkFreq	8	static
fsl_clock.c:429:10:CLOCK_GetFlashClkFreq	8	static
fsl_clock.c:434:10:CLOCK_GetFlexBusClkFreq	8	static
fsl_clock.c:439:10:CLOCK_GetBusClkFreq	8	static
fsl_clock.c:444:10:CLOCK_GetCoreSysClkFreq	8	static
fsl_clock.c:449:10:CLOCK_GetFreq	24	static
fsl_clock.c:503:6:CLOCK_SetSimConfig	16	static
fsl_clock.c:510:6:CLOCK_EnableUsbfs0Clock	24	static
fsl_clock.c:554:10:CLOCK_GetOutClkFreq	16	static
fsl_clock.c:580:10:CLOCK_GetFllFreq	16	static
fsl_clock.c:606:10:CLOCK_GetInternalRefClkFreq	8	static
fsl_clock.c:617:10:CLOCK_GetFixedFreqClkFreq	16	static
fsl_clock.c:632:10:CLOCK_GetPll0Freq	16	static
fsl_clock.c:656:10:CLOCK_SetExternalRefClkConfig	24	static
fsl_clock.c:693:10:CLOCK_SetInternalRefClkConfig	24	static
fsl_clock.c:741:10:CLOCK_CalcPllDiv	48	static
fsl_clock.c:838:6:CLOCK_EnablePll0	24	static
fsl_clock.c:858:6:CLOCK_SetOsc0MonitorMode	16	static
fsl_clock.c:881:6:CLOCK_SetRtcOscMonitorMode	24	static
fsl_clock.c:898:6:CLOCK_SetPll0MonitorMode	24	static
fsl_clock.c:928:10:CLOCK_GetStatusFlags	16	static
fsl_clock.c:956:6:CLOCK_ClearStatusFlags	24	static
fsl_clock.c:975:6:CLOCK_InitOsc0	24	static
fsl_clock.c:993:6:CLOCK_DeinitOsc0	4	static
fsl_clock.c:999:10:CLOCK_TrimInternalRefClk	40	static
fsl_clock.c:1075:12:CLOCK_GetMode	32	static
fsl_clock.c:1175:10:CLOCK_SetFeiMode	24	static
fsl_clock.c:1235:10:CLOCK_SetFeeMode	24	static
fsl_clock.c:1313:10:CLOCK_SetFbiMode	24	static
fsl_clock.c:1377:10:CLOCK_SetFbeMode	24	static
fsl_clock.c:1460:10:CLOCK_SetBlpiMode	4	static
fsl_clock.c:1475:10:CLOCK_SetBlpeMode	4	static
fsl_clock.c:1490:10:CLOCK_SetPbeMode	16	static
fsl_clock.c:1531:10:CLOCK_SetPeeMode	4	static
fsl_clock.c:1552:10:CLOCK_ExternalModeToFbeModeQuick	4	static
fsl_clock.c:1578:10:CLOCK_InternalModeToFbiModeQuick	4	static
fsl_clock.c:1598:10:CLOCK_BootToFeiMode	16	static
fsl_clock.c:1603:10:CLOCK_BootToFeeMode	24	static
fsl_clock.c:1611:10:CLOCK_BootToBlpiMode	16	static
fsl_clock.c:1628:10:CLOCK_BootToBlpeMode	16	static
fsl_clock.c:1660:10:CLOCK_BootToPeeMode	16	static
fsl_clock.c:1706:10:CLOCK_SetMcgConfig	32	static
