core_cm4.h:1672:22:__NVIC_EnableIRQ	16	static
fsl_clock.h:692:20:CLOCK_EnableClock	24	static
fsl_clock.h:703:20:CLOCK_DisableClock	24	static
fsl_common.h:363:28:EnableIRQ	16	static
fsl_uart.c:151:10:UART_GetInstance	24	static
fsl_uart.c:170:8:UART_TransferGetRxRingBufferLength	24	static
fsl_uart.c:188:13:UART_TransferIsRxRingBufferFull	24	static
fsl_uart.c:206:10:UART_Init	40	static
fsl_uart.c:343:6:UART_Deinit	16	static
fsl_uart.c:365:6:UART_GetDefaultConfig	16	static
fsl_uart.c:387:10:UART_SetBaudRate	40	static
fsl_uart.c:455:6:UART_EnableInterrupts	16	static
fsl_uart.c:470:6:UART_DisableInterrupts	16	static
fsl_uart.c:485:10:UART_GetEnabledInterrupts	24	static
fsl_uart.c:498:10:UART_GetStatusFlags	24	static
fsl_uart.c:515:10:UART_ClearStatusFlags	24	static
fsl_uart.c:566:6:UART_WriteBlocking	24	static
fsl_uart.c:579:13:UART_WriteNonBlocking	32	static
fsl_uart.c:593:10:UART_ReadBlocking	32	static
fsl_uart.c:635:13:UART_ReadNonBlocking	32	static
fsl_uart.c:649:6:UART_TransferCreateHandle	32	static
fsl_uart.c:680:6:UART_TransferStartRingBuffer	24	static
fsl_uart.c:701:6:UART_TransferStopRingBuffer	16	static
fsl_uart.c:722:10:UART_TransferSendNonBlocking	32	static
fsl_uart.c:752:6:UART_TransferAbortSend	16	static
fsl_uart.c:762:10:UART_TransferGetSendCount	24	static
fsl_uart.c:777:10:UART_TransferReceiveNonBlocking	56	static
fsl_uart.c:899:6:UART_TransferAbortReceive	16	static
fsl_uart.c:920:10:UART_TransferGetReceiveCount	24	static
fsl_uart.c:940:6:UART_TransferHandleIRQ	32	static
fsl_uart.c:1222:6:UART_TransferHandleErrorIRQ	16	static
fsl_uart.c:1230:6:UART0_DriverIRQHandler	8	static
fsl_uart.c:1240:6:UART0_RX_TX_DriverIRQHandler	8	static
fsl_uart.c:1253:6:UART1_DriverIRQHandler	8	static
fsl_uart.c:1263:6:UART1_RX_TX_DriverIRQHandler	8	static
fsl_uart.c:1275:6:UART2_DriverIRQHandler	8	static
fsl_uart.c:1285:6:UART2_RX_TX_DriverIRQHandler	8	static
fsl_uart.c:1297:6:UART3_DriverIRQHandler	8	static
fsl_uart.c:1307:6:UART3_RX_TX_DriverIRQHandler	8	static
fsl_uart.c:1319:6:UART4_DriverIRQHandler	8	static
fsl_uart.c:1329:6:UART4_RX_TX_DriverIRQHandler	8	static
fsl_uart.c:1341:6:UART5_DriverIRQHandler	8	static
fsl_uart.c:1351:6:UART5_RX_TX_DriverIRQHandler	8	static
